npm warn Unknown project config "sharp_binary_host". This will stop working in the next major version of npm.
npm warn Unknown project config "sharp_libvips_binary_host". This will stop working in the next major version of npm.

> @kpkn/mobile@0.0.1 android
> react-native run-android --no-packager --port 8081

[36m[1minfo[22m[39m [0mInstalling the app...[0m
> Task :gradle-plugin:settings-plugin:checkKotlinGradlePluginConfigurationErrors SKIPPED
> Task :gradle-plugin:shared:checkKotlinGradlePluginConfigurationErrors SKIPPED
> Task :gradle-plugin:shared:compileKotlin UP-TO-DATE
> Task :gradle-plugin:shared:compileJava NO-SOURCE
> Task :gradle-plugin:shared:processResources NO-SOURCE
> Task :gradle-plugin:shared:classes UP-TO-DATE
> Task :gradle-plugin:shared:jar UP-TO-DATE
> Task :gradle-plugin:settings-plugin:compileKotlin UP-TO-DATE
> Task :gradle-plugin:settings-plugin:compileJava NO-SOURCE
> Task :gradle-plugin:settings-plugin:pluginDescriptors UP-TO-DATE
> Task :gradle-plugin:settings-plugin:processResources UP-TO-DATE
> Task :gradle-plugin:settings-plugin:classes UP-TO-DATE
> Task :gradle-plugin:settings-plugin:jar UP-TO-DATE
> Task :gradle-plugin:react-native-gradle-plugin:checkKotlinGradlePluginConfigurationErrors SKIPPED
> Task :gradle-plugin:react-native-gradle-plugin:compileKotlin UP-TO-DATE
> Task :gradle-plugin:react-native-gradle-plugin:compileJava NO-SOURCE
> Task :gradle-plugin:react-native-gradle-plugin:pluginDescriptors UP-TO-DATE
> Task :gradle-plugin:react-native-gradle-plugin:processResources UP-TO-DATE
> Task :gradle-plugin:react-native-gradle-plugin:classes UP-TO-DATE
> Task :gradle-plugin:react-native-gradle-plugin:jar UP-TO-DATE

> Configure project :notifee_react-native
:notifee_react-native @notifee/react-native found at C:\Users\valen\Downloads\kpkn-fit-(beta-test)\node_modules\@notifee\react-native
:notifee_react-native package.json found at C:\Users\valen\Downloads\kpkn-fit-(beta-test)\node_modules\@notifee\react-native\package.json
:notifee_react-native:version set from package.json: 9.1.8 (9,1,8 - 9001008)
:notifee_react-native:android.compileSdk using custom value: 36
:notifee_react-native:android.targetSdk using custom value: 36
:notifee_react-native:android.minSdk using custom value: 24
:notifee_react-native:reactNativeAndroidDir C:\Users\valen\Downloads\kpkn-fit-(beta-test)\node_modules\react-native

> Configure project :react-native-mmkv
[react-native-mmkv] Thank you for using react-native-mmkv ??
[react-native-mmkv] If you enjoy using react-native-mmkv, please consider sponsoring this project: https://github.com/sponsors/mrousavy

> Configure project :shopify_react-native-skia
react-native-skia: SK_GRAPHITE: false
react-native-skia: Skia Android package: C:\Users\valen\Downloads\kpkn-fit-(beta-test)\node_modules\react-native-skia-android
react-native-skia: node_modules/ found at: C:\Users\valen\Downloads\kpkn-fit-(beta-test)\node_modules
react-native-skia: RN Version: 84 / 0.84.1
react-native-skia: isSourceBuild: false
react-native-skia: PrebuiltDir: C:\Users\valen\Downloads\kpkn-fit-(beta-test)\node_modules\@shopify\react-native-skia\android\build/react-native-0*/jni
react-native-skia: buildType: debug
react-native-skia: buildDir: C:\Users\valen\Downloads\kpkn-fit-(beta-test)\node_modules\@shopify\react-native-skia\android\build
react-native-skia: node_modules: C:\Users\valen\Downloads\kpkn-fit-(beta-test)\node_modules
react-native-skia: Enable Prefab: true
react-native-skia: aar state post 70, do nothing

> Task :app:checkKotlinGradlePluginConfigurationErrors SKIPPED
> Task :app:generateAutolinkingNewArchitectureFiles UP-TO-DATE
> Task :app:generateAutolinkingPackageList UP-TO-DATE
> Task :app:generateCodegenSchemaFromJavaScript SKIPPED
> Task :app:generateCodegenArtifactsFromSchema SKIPPED
> Task :app:generateReactNativeEntryPoint UP-TO-DATE
> Task :notifee_react-native:preBuild UP-TO-DATE
> Task :react-native-community_blur:generateCodegenSchemaFromJavaScript UP-TO-DATE
> Task :react-native-community_blur:generateCodegenArtifactsFromSchema UP-TO-DATE
> Task :react-native-community_blur:preBuild UP-TO-DATE
> Task :react-native-community_slider:generateCodegenSchemaFromJavaScript UP-TO-DATE
> Task :react-native-community_slider:generateCodegenArtifactsFromSchema UP-TO-DATE
> Task :react-native-community_slider:preBuild UP-TO-DATE
> Task :react-native-gesture-handler:generateCodegenSchemaFromJavaScript UP-TO-DATE
> Task :react-native-gesture-handler:generateCodegenArtifactsFromSchema UP-TO-DATE
> Task :react-native-gesture-handler:preBuild UP-TO-DATE
> Task :react-native-haptic-feedback:generateCodegenSchemaFromJavaScript UP-TO-DATE
> Task :react-native-haptic-feedback:generateCodegenArtifactsFromSchema UP-TO-DATE
> Task :react-native-haptic-feedback:preBuild UP-TO-DATE
> Task :react-native-mmkv:generateCodegenSchemaFromJavaScript UP-TO-DATE
> Task :react-native-mmkv:generateCodegenArtifactsFromSchema UP-TO-DATE
> Task :react-native-mmkv:preBuild UP-TO-DATE
> Task :react-native-quick-sqlite:generateCodegenSchemaFromJavaScript UP-TO-DATE
> Task :react-native-quick-sqlite:generateCodegenArtifactsFromSchema UP-TO-DATE
> Task :react-native-quick-sqlite:preBuild UP-TO-DATE
> Task :react-native-reanimated:assertMinimalReactNativeVersionTask
> Task :react-native-reanimated:assertNewArchitectureEnabledTask SKIPPED
> Task :react-native-reanimated:assertWorkletsVersionTask
> Task :react-native-reanimated:generateCodegenSchemaFromJavaScript UP-TO-DATE
> Task :react-native-reanimated:generateCodegenArtifactsFromSchema UP-TO-DATE
> Task :react-native-reanimated:prepareReanimatedHeadersForPrefabs UP-TO-DATE
> Task :react-native-reanimated:preBuild
> Task :react-native-safe-area-context:generateCodegenSchemaFromJavaScript UP-TO-DATE
> Task :react-native-safe-area-context:generateCodegenArtifactsFromSchema UP-TO-DATE
> Task :react-native-safe-area-context:preBuild UP-TO-DATE
> Task :react-native-screens:generateCodegenSchemaFromJavaScript UP-TO-DATE
> Task :react-native-screens:generateCodegenArtifactsFromSchema UP-TO-DATE
> Task :react-native-screens:preBuild UP-TO-DATE
> Task :react-native-svg:generateCodegenSchemaFromJavaScript UP-TO-DATE
> Task :react-native-svg:generateCodegenArtifactsFromSchema UP-TO-DATE
> Task :react-native-svg:preBuild UP-TO-DATE
> Task :react-native-worklets:assertMinimalReactNativeVersionTask
> Task :react-native-worklets:assertNewArchitectureEnabledTask SKIPPED
> Task :react-native-worklets:generateCodegenSchemaFromJavaScript UP-TO-DATE
> Task :react-native-worklets:generateCodegenArtifactsFromSchema UP-TO-DATE
> Task :react-native-worklets:prepareWorkletsHeadersForPrefabs UP-TO-DATE
> Task :react-native-worklets:preBuild
> Task :shopify_react-native-skia:generateCodegenSchemaFromJavaScript UP-TO-DATE
> Task :shopify_react-native-skia:generateCodegenArtifactsFromSchema UP-TO-DATE
> Task :shopify_react-native-skia:prepareHeaders UP-TO-DATE
> Task :shopify_react-native-skia:preBuild UP-TO-DATE
> Task :app:preBuild
> Task :app:preDebugBuild
> Task :app:generateDebugBuildConfig UP-TO-DATE
> Task :notifee_react-native:preDebugBuild UP-TO-DATE
> Task :notifee_react-native:writeDebugAarMetadata UP-TO-DATE
> Task :react-native-community_blur:preDebugBuild UP-TO-DATE
> Task :react-native-community_blur:writeDebugAarMetadata UP-TO-DATE
> Task :react-native-community_slider:preDebugBuild UP-TO-DATE
> Task :react-native-community_slider:writeDebugAarMetadata UP-TO-DATE
> Task :react-native-gesture-handler:preDebugBuild UP-TO-DATE
> Task :react-native-gesture-handler:writeDebugAarMetadata UP-TO-DATE
> Task :react-native-haptic-feedback:preDebugBuild UP-TO-DATE
> Task :react-native-haptic-feedback:writeDebugAarMetadata UP-TO-DATE
> Task :react-native-mmkv:preDebugBuild UP-TO-DATE
> Task :react-native-mmkv:writeDebugAarMetadata UP-TO-DATE
> Task :react-native-quick-sqlite:preDebugBuild UP-TO-DATE
> Task :react-native-quick-sqlite:writeDebugAarMetadata UP-TO-DATE
> Task :react-native-reanimated:preDebugBuild
> Task :react-native-reanimated:writeDebugAarMetadata UP-TO-DATE
> Task :react-native-safe-area-context:preDebugBuild UP-TO-DATE
> Task :react-native-safe-area-context:writeDebugAarMetadata UP-TO-DATE
> Task :react-native-screens:preDebugBuild UP-TO-DATE
> Task :react-native-screens:writeDebugAarMetadata UP-TO-DATE
> Task :react-native-svg:preDebugBuild UP-TO-DATE
> Task :react-native-svg:writeDebugAarMetadata UP-TO-DATE
> Task :react-native-worklets:preDebugBuild
> Task :react-native-worklets:writeDebugAarMetadata UP-TO-DATE
> Task :shopify_react-native-skia:preDebugBuild UP-TO-DATE
> Task :shopify_react-native-skia:writeDebugAarMetadata UP-TO-DATE
> Task :app:checkDebugAarMetadata UP-TO-DATE
> Task :app:generateDebugResValues UP-TO-DATE
> Task :notifee_react-native:generateDebugResValues UP-TO-DATE
> Task :notifee_react-native:generateDebugResources UP-TO-DATE
> Task :notifee_react-native:packageDebugResources UP-TO-DATE
> Task :react-native-community_blur:generateDebugResValues UP-TO-DATE
> Task :react-native-community_blur:generateDebugResources UP-TO-DATE
> Task :react-native-community_blur:packageDebugResources UP-TO-DATE
> Task :react-native-community_slider:generateDebugResValues UP-TO-DATE
> Task :react-native-community_slider:generateDebugResources UP-TO-DATE
> Task :react-native-community_slider:packageDebugResources UP-TO-DATE
> Task :react-native-gesture-handler:generateDebugResValues UP-TO-DATE
> Task :react-native-gesture-handler:generateDebugResources UP-TO-DATE
> Task :react-native-gesture-handler:packageDebugResources UP-TO-DATE
> Task :react-native-haptic-feedback:generateDebugResValues UP-TO-DATE
> Task :react-native-haptic-feedback:generateDebugResources UP-TO-DATE
> Task :react-native-haptic-feedback:packageDebugResources UP-TO-DATE
> Task :react-native-mmkv:generateDebugResValues UP-TO-DATE
> Task :react-native-mmkv:generateDebugResources UP-TO-DATE
> Task :react-native-mmkv:packageDebugResources UP-TO-DATE
> Task :react-native-quick-sqlite:generateDebugResValues UP-TO-DATE
> Task :react-native-quick-sqlite:generateDebugResources UP-TO-DATE
> Task :react-native-quick-sqlite:packageDebugResources UP-TO-DATE
> Task :react-native-reanimated:generateDebugResValues UP-TO-DATE
> Task :react-native-reanimated:generateDebugResources UP-TO-DATE
> Task :react-native-reanimated:packageDebugResources UP-TO-DATE
> Task :react-native-safe-area-context:generateDebugResValues UP-TO-DATE
> Task :react-native-safe-area-context:generateDebugResources UP-TO-DATE
> Task :react-native-safe-area-context:packageDebugResources UP-TO-DATE
> Task :react-native-screens:generateDebugResValues UP-TO-DATE
> Task :react-native-screens:generateDebugResources UP-TO-DATE
> Task :react-native-screens:packageDebugResources UP-TO-DATE
> Task :react-native-svg:generateDebugResValues UP-TO-DATE
> Task :react-native-svg:generateDebugResources UP-TO-DATE
> Task :react-native-svg:packageDebugResources UP-TO-DATE
> Task :react-native-worklets:generateDebugResValues UP-TO-DATE
> Task :react-native-worklets:generateDebugResources UP-TO-DATE
> Task :react-native-worklets:packageDebugResources UP-TO-DATE
> Task :shopify_react-native-skia:generateDebugResValues UP-TO-DATE
> Task :shopify_react-native-skia:generateDebugResources UP-TO-DATE
> Task :shopify_react-native-skia:packageDebugResources UP-TO-DATE
> Task :app:mapDebugSourceSetPaths UP-TO-DATE
> Task :app:generateDebugResources UP-TO-DATE
> Task :app:mergeDebugResources UP-TO-DATE
> Task :app:packageDebugResources UP-TO-DATE
> Task :app:parseDebugLocalResources UP-TO-DATE
> Task :app:createDebugCompatibleScreenManifests UP-TO-DATE
> Task :app:extractDeepLinksDebug UP-TO-DATE
> Task :notifee_react-native:extractDeepLinksDebug UP-TO-DATE
> Task :notifee_react-native:processDebugManifest UP-TO-DATE
> Task :react-native-community_blur:extractDeepLinksDebug UP-TO-DATE
> Task :react-native-community_blur:processDebugManifest UP-TO-DATE
> Task :react-native-community_slider:extractDeepLinksDebug UP-TO-DATE
> Task :react-native-community_slider:processDebugManifest UP-TO-DATE
> Task :react-native-gesture-handler:extractDeepLinksDebug UP-TO-DATE
> Task :react-native-gesture-handler:processDebugManifest UP-TO-DATE
> Task :react-native-haptic-feedback:extractDeepLinksDebug UP-TO-DATE
> Task :react-native-haptic-feedback:processDebugManifest UP-TO-DATE
> Task :react-native-mmkv:extractDeepLinksDebug UP-TO-DATE
> Task :react-native-mmkv:processDebugManifest UP-TO-DATE
> Task :react-native-quick-sqlite:extractDeepLinksDebug UP-TO-DATE
> Task :react-native-quick-sqlite:processDebugManifest UP-TO-DATE
> Task :react-native-reanimated:extractDeepLinksDebug UP-TO-DATE
> Task :react-native-reanimated:processDebugManifest UP-TO-DATE
> Task :react-native-safe-area-context:extractDeepLinksDebug UP-TO-DATE
> Task :react-native-safe-area-context:processDebugManifest UP-TO-DATE
> Task :react-native-screens:extractDeepLinksDebug UP-TO-DATE
> Task :react-native-screens:processDebugManifest UP-TO-DATE
> Task :react-native-svg:extractDeepLinksDebug UP-TO-DATE
> Task :react-native-svg:processDebugManifest UP-TO-DATE
> Task :react-native-worklets:extractDeepLinksDebug UP-TO-DATE
> Task :react-native-worklets:processDebugManifest UP-TO-DATE
> Task :shopify_react-native-skia:extractDeepLinksDebug UP-TO-DATE
> Task :shopify_react-native-skia:processDebugManifest UP-TO-DATE
> Task :app:processDebugMainManifest UP-TO-DATE
> Task :app:processDebugManifest UP-TO-DATE
> Task :app:processDebugManifestForPackage UP-TO-DATE
> Task :notifee_react-native:compileDebugLibraryResources UP-TO-DATE
> Task :notifee_react-native:parseDebugLocalResources UP-TO-DATE
> Task :notifee_react-native:generateDebugRFile UP-TO-DATE
> Task :react-native-community_blur:compileDebugLibraryResources UP-TO-DATE
> Task :react-native-community_blur:parseDebugLocalResources UP-TO-DATE
> Task :react-native-community_blur:generateDebugRFile UP-TO-DATE
> Task :react-native-community_slider:compileDebugLibraryResources UP-TO-DATE
> Task :react-native-community_slider:parseDebugLocalResources UP-TO-DATE
> Task :react-native-community_slider:generateDebugRFile UP-TO-DATE
> Task :react-native-gesture-handler:compileDebugLibraryResources UP-TO-DATE
> Task :react-native-gesture-handler:parseDebugLocalResources UP-TO-DATE
> Task :react-native-gesture-handler:generateDebugRFile UP-TO-DATE
> Task :react-native-haptic-feedback:compileDebugLibraryResources UP-TO-DATE
> Task :react-native-haptic-feedback:parseDebugLocalResources UP-TO-DATE
> Task :react-native-haptic-feedback:generateDebugRFile UP-TO-DATE
> Task :react-native-mmkv:compileDebugLibraryResources UP-TO-DATE
> Task :react-native-mmkv:parseDebugLocalResources UP-TO-DATE
> Task :react-native-mmkv:generateDebugRFile UP-TO-DATE
> Task :react-native-quick-sqlite:compileDebugLibraryResources UP-TO-DATE
> Task :react-native-quick-sqlite:parseDebugLocalResources UP-TO-DATE
> Task :react-native-quick-sqlite:generateDebugRFile UP-TO-DATE
> Task :react-native-reanimated:compileDebugLibraryResources UP-TO-DATE
> Task :react-native-reanimated:parseDebugLocalResources UP-TO-DATE
> Task :react-native-reanimated:generateDebugRFile UP-TO-DATE
> Task :react-native-safe-area-context:compileDebugLibraryResources UP-TO-DATE
> Task :react-native-safe-area-context:parseDebugLocalResources UP-TO-DATE
> Task :react-native-safe-area-context:generateDebugRFile UP-TO-DATE
> Task :react-native-screens:compileDebugLibraryResources UP-TO-DATE
> Task :react-native-screens:parseDebugLocalResources UP-TO-DATE
> Task :react-native-screens:generateDebugRFile UP-TO-DATE
> Task :react-native-svg:compileDebugLibraryResources UP-TO-DATE
> Task :react-native-svg:parseDebugLocalResources UP-TO-DATE
> Task :react-native-svg:generateDebugRFile UP-TO-DATE
> Task :react-native-worklets:compileDebugLibraryResources UP-TO-DATE
> Task :react-native-worklets:parseDebugLocalResources UP-TO-DATE
> Task :react-native-worklets:generateDebugRFile UP-TO-DATE
> Task :shopify_react-native-skia:compileDebugLibraryResources UP-TO-DATE
> Task :shopify_react-native-skia:parseDebugLocalResources UP-TO-DATE
> Task :shopify_react-native-skia:generateDebugRFile UP-TO-DATE
> Task :app:processDebugResources UP-TO-DATE
> Task :notifee_react-native:generateDebugBuildConfig UP-TO-DATE
> Task :notifee_react-native:javaPreCompileDebug UP-TO-DATE
> Task :notifee_react-native:compileDebugJavaWithJavac UP-TO-DATE
> Task :notifee_react-native:bundleLibCompileToJarDebug UP-TO-DATE
> Task :react-native-community_blur:generateDebugBuildConfig UP-TO-DATE
> Task :react-native-community_blur:javaPreCompileDebug UP-TO-DATE
> Task :react-native-community_blur:compileDebugJavaWithJavac UP-TO-DATE
> Task :react-native-community_blur:bundleLibCompileToJarDebug UP-TO-DATE
> Task :react-native-community_slider:generateDebugBuildConfig UP-TO-DATE
> Task :react-native-community_slider:javaPreCompileDebug UP-TO-DATE
> Task :react-native-community_slider:compileDebugJavaWithJavac UP-TO-DATE
> Task :react-native-community_slider:bundleLibCompileToJarDebug UP-TO-DATE
> Task :react-native-gesture-handler:checkKotlinGradlePluginConfigurationErrors SKIPPED
> Task :react-native-gesture-handler:generateDebugBuildConfig UP-TO-DATE
> Task :react-native-reanimated:generateDebugBuildConfig UP-TO-DATE
> Task :react-native-reanimated:javaPreCompileDebug UP-TO-DATE
> Task :react-native-worklets:generateDebugBuildConfig UP-TO-DATE
> Task :react-native-worklets:javaPreCompileDebug UP-TO-DATE
> Task :react-native-worklets:compileDebugJavaWithJavac UP-TO-DATE
> Task :react-native-worklets:bundleLibCompileToJarDebug UP-TO-DATE
> Task :react-native-reanimated:compileDebugJavaWithJavac UP-TO-DATE
> Task :react-native-reanimated:bundleLibCompileToJarDebug UP-TO-DATE
> Task :react-native-svg:generateDebugBuildConfig UP-TO-DATE
> Task :react-native-svg:javaPreCompileDebug UP-TO-DATE
> Task :react-native-svg:compileDebugJavaWithJavac UP-TO-DATE
> Task :react-native-svg:bundleLibCompileToJarDebug UP-TO-DATE
> Task :react-native-gesture-handler:compileDebugKotlin UP-TO-DATE
> Task :react-native-gesture-handler:javaPreCompileDebug UP-TO-DATE
> Task :react-native-gesture-handler:compileDebugJavaWithJavac UP-TO-DATE
> Task :react-native-gesture-handler:bundleLibCompileToJarDebug UP-TO-DATE
> Task :react-native-haptic-feedback:generateDebugBuildConfig UP-TO-DATE
> Task :react-native-haptic-feedback:javaPreCompileDebug UP-TO-DATE
> Task :react-native-haptic-feedback:compileDebugJavaWithJavac UP-TO-DATE
> Task :react-native-haptic-feedback:bundleLibCompileToJarDebug UP-TO-DATE
> Task :react-native-mmkv:generateDebugBuildConfig UP-TO-DATE
> Task :react-native-mmkv:javaPreCompileDebug UP-TO-DATE
> Task :react-native-mmkv:compileDebugJavaWithJavac UP-TO-DATE
> Task :react-native-mmkv:bundleLibCompileToJarDebug UP-TO-DATE
> Task :react-native-quick-sqlite:checkKotlinGradlePluginConfigurationErrors SKIPPED
> Task :react-native-quick-sqlite:generateDebugBuildConfig UP-TO-DATE
> Task :react-native-quick-sqlite:compileDebugKotlin NO-SOURCE
> Task :react-native-quick-sqlite:javaPreCompileDebug UP-TO-DATE
> Task :react-native-quick-sqlite:compileDebugJavaWithJavac UP-TO-DATE
> Task :react-native-quick-sqlite:bundleLibCompileToJarDebug UP-TO-DATE
> Task :react-native-safe-area-context:checkKotlinGradlePluginConfigurationErrors SKIPPED
> Task :react-native-safe-area-context:generateDebugBuildConfig UP-TO-DATE
> Task :react-native-safe-area-context:compileDebugKotlin UP-TO-DATE
> Task :react-native-safe-area-context:javaPreCompileDebug UP-TO-DATE
> Task :react-native-safe-area-context:compileDebugJavaWithJavac UP-TO-DATE
> Task :react-native-safe-area-context:bundleLibCompileToJarDebug UP-TO-DATE
> Task :react-native-screens:checkKotlinGradlePluginConfigurationErrors SKIPPED
> Task :react-native-screens:generateDebugBuildConfig UP-TO-DATE
> Task :react-native-screens:compileDebugKotlin UP-TO-DATE
> Task :react-native-screens:javaPreCompileDebug UP-TO-DATE
> Task :react-native-screens:compileDebugJavaWithJavac UP-TO-DATE
> Task :react-native-screens:bundleLibCompileToJarDebug UP-TO-DATE
> Task :shopify_react-native-skia:generateDebugBuildConfig UP-TO-DATE
> Task :shopify_react-native-skia:javaPreCompileDebug UP-TO-DATE
> Task :shopify_react-native-skia:compileDebugJavaWithJavac UP-TO-DATE
> Task :shopify_react-native-skia:bundleLibCompileToJarDebug UP-TO-DATE
> Task :app:compileDebugKotlin UP-TO-DATE
> Task :app:javaPreCompileDebug UP-TO-DATE
> Task :app:compileDebugJavaWithJavac UP-TO-DATE
> Task :app:mergeDebugShaders UP-TO-DATE
> Task :app:compileDebugShaders NO-SOURCE
> Task :app:generateDebugAssets UP-TO-DATE
> Task :notifee_react-native:mergeDebugShaders UP-TO-DATE
> Task :notifee_react-native:compileDebugShaders NO-SOURCE
> Task :notifee_react-native:generateDebugAssets UP-TO-DATE
> Task :notifee_react-native:mergeDebugAssets UP-TO-DATE
> Task :react-native-community_blur:mergeDebugShaders UP-TO-DATE
> Task :react-native-community_blur:compileDebugShaders NO-SOURCE
> Task :react-native-community_blur:generateDebugAssets UP-TO-DATE
> Task :react-native-community_blur:mergeDebugAssets UP-TO-DATE
> Task :react-native-community_slider:mergeDebugShaders UP-TO-DATE
> Task :react-native-community_slider:compileDebugShaders NO-SOURCE
> Task :react-native-community_slider:generateDebugAssets UP-TO-DATE
> Task :react-native-community_slider:mergeDebugAssets UP-TO-DATE
> Task :react-native-gesture-handler:mergeDebugShaders UP-TO-DATE
> Task :react-native-gesture-handler:compileDebugShaders NO-SOURCE
> Task :react-native-gesture-handler:generateDebugAssets UP-TO-DATE
> Task :react-native-gesture-handler:mergeDebugAssets UP-TO-DATE
> Task :react-native-haptic-feedback:mergeDebugShaders UP-TO-DATE
> Task :react-native-haptic-feedback:compileDebugShaders NO-SOURCE
> Task :react-native-haptic-feedback:generateDebugAssets UP-TO-DATE
> Task :react-native-haptic-feedback:mergeDebugAssets UP-TO-DATE
> Task :react-native-mmkv:mergeDebugShaders UP-TO-DATE
> Task :react-native-mmkv:compileDebugShaders NO-SOURCE
> Task :react-native-mmkv:generateDebugAssets UP-TO-DATE
> Task :react-native-mmkv:mergeDebugAssets UP-TO-DATE
> Task :react-native-quick-sqlite:mergeDebugShaders UP-TO-DATE
> Task :react-native-quick-sqlite:compileDebugShaders NO-SOURCE
> Task :react-native-quick-sqlite:generateDebugAssets UP-TO-DATE
> Task :react-native-quick-sqlite:mergeDebugAssets UP-TO-DATE
> Task :react-native-reanimated:mergeDebugShaders UP-TO-DATE
> Task :react-native-reanimated:compileDebugShaders NO-SOURCE
> Task :react-native-reanimated:generateDebugAssets UP-TO-DATE
> Task :react-native-reanimated:mergeDebugAssets UP-TO-DATE
> Task :react-native-safe-area-context:mergeDebugShaders UP-TO-DATE
> Task :react-native-safe-area-context:compileDebugShaders NO-SOURCE
> Task :react-native-safe-area-context:generateDebugAssets UP-TO-DATE
> Task :react-native-safe-area-context:mergeDebugAssets UP-TO-DATE
> Task :react-native-screens:mergeDebugShaders UP-TO-DATE
> Task :react-native-screens:compileDebugShaders NO-SOURCE
> Task :react-native-screens:generateDebugAssets UP-TO-DATE
> Task :react-native-screens:mergeDebugAssets UP-TO-DATE
> Task :react-native-svg:mergeDebugShaders UP-TO-DATE
> Task :react-native-svg:compileDebugShaders NO-SOURCE
> Task :react-native-svg:generateDebugAssets UP-TO-DATE
> Task :react-native-svg:mergeDebugAssets UP-TO-DATE
> Task :react-native-worklets:mergeDebugShaders UP-TO-DATE
> Task :react-native-worklets:compileDebugShaders NO-SOURCE
> Task :react-native-worklets:generateDebugAssets UP-TO-DATE
> Task :react-native-worklets:mergeDebugAssets UP-TO-DATE
> Task :shopify_react-native-skia:mergeDebugShaders UP-TO-DATE
> Task :shopify_react-native-skia:compileDebugShaders NO-SOURCE
> Task :shopify_react-native-skia:generateDebugAssets UP-TO-DATE
> Task :shopify_react-native-skia:mergeDebugAssets UP-TO-DATE
> Task :app:mergeDebugAssets UP-TO-DATE
> Task :app:compressDebugAssets UP-TO-DATE
> Task :react-native-gesture-handler:bundleLibRuntimeToJarDebug UP-TO-DATE
> Task :react-native-quick-sqlite:bundleLibRuntimeToJarDebug UP-TO-DATE
> Task :react-native-safe-area-context:bundleLibRuntimeToJarDebug UP-TO-DATE
> Task :react-native-screens:bundleLibRuntimeToJarDebug UP-TO-DATE
> Task :notifee_react-native:bundleLibRuntimeToJarDebug UP-TO-DATE
> Task :react-native-community_blur:bundleLibRuntimeToJarDebug UP-TO-DATE
> Task :react-native-community_slider:bundleLibRuntimeToJarDebug UP-TO-DATE
> Task :shopify_react-native-skia:bundleLibRuntimeToJarDebug UP-TO-DATE
> Task :react-native-haptic-feedback:bundleLibRuntimeToJarDebug UP-TO-DATE
> Task :react-native-mmkv:bundleLibRuntimeToJarDebug UP-TO-DATE
> Task :react-native-reanimated:bundleLibRuntimeToJarDebug UP-TO-DATE
> Task :react-native-svg:bundleLibRuntimeToJarDebug UP-TO-DATE
> Task :react-native-worklets:bundleLibRuntimeToJarDebug UP-TO-DATE
> Task :app:desugarDebugFileDependencies UP-TO-DATE
> Task :app:dexBuilderDebug UP-TO-DATE
> Task :app:mergeDebugGlobalSynthetics UP-TO-DATE
> Task :app:processDebugJavaRes UP-TO-DATE
> Task :notifee_react-native:processDebugJavaRes NO-SOURCE
> Task :react-native-community_blur:processDebugJavaRes NO-SOURCE
> Task :react-native-community_slider:processDebugJavaRes NO-SOURCE
> Task :react-native-gesture-handler:processDebugJavaRes UP-TO-DATE
> Task :react-native-haptic-feedback:processDebugJavaRes NO-SOURCE
> Task :react-native-mmkv:processDebugJavaRes NO-SOURCE
> Task :react-native-quick-sqlite:processDebugJavaRes NO-SOURCE
> Task :react-native-reanimated:processDebugJavaRes NO-SOURCE
> Task :react-native-safe-area-context:processDebugJavaRes UP-TO-DATE
> Task :react-native-screens:processDebugJavaRes UP-TO-DATE
> Task :react-native-svg:processDebugJavaRes NO-SOURCE
> Task :react-native-worklets:processDebugJavaRes NO-SOURCE
> Task :shopify_react-native-skia:processDebugJavaRes NO-SOURCE
> Task :app:mergeDebugJavaResource UP-TO-DATE
> Task :app:checkDebugDuplicateClasses UP-TO-DATE
> Task :app:mergeExtDexDebug UP-TO-DATE
> Task :react-native-gesture-handler:bundleLibRuntimeToDirDebug UP-TO-DATE
> Task :react-native-quick-sqlite:bundleLibRuntimeToDirDebug UP-TO-DATE
> Task :react-native-safe-area-context:bundleLibRuntimeToDirDebug UP-TO-DATE
> Task :react-native-screens:bundleLibRuntimeToDirDebug UP-TO-DATE
> Task :notifee_react-native:bundleLibRuntimeToDirDebug UP-TO-DATE
> Task :react-native-community_blur:bundleLibRuntimeToDirDebug UP-TO-DATE
> Task :react-native-community_slider:bundleLibRuntimeToDirDebug UP-TO-DATE
> Task :shopify_react-native-skia:bundleLibRuntimeToDirDebug UP-TO-DATE
> Task :react-native-haptic-feedback:bundleLibRuntimeToDirDebug UP-TO-DATE
> Task :react-native-mmkv:bundleLibRuntimeToDirDebug UP-TO-DATE
> Task :react-native-reanimated:bundleLibRuntimeToDirDebug UP-TO-DATE
> Task :react-native-svg:bundleLibRuntimeToDirDebug UP-TO-DATE
> Task :react-native-worklets:bundleLibRuntimeToDirDebug UP-TO-DATE
> Task :app:mergeProjectDexDebug UP-TO-DATE
> Task :app:preOfflineDebugBuild
> Task :react-native-worklets:configureCMakeDebug[arm64-v8a]
> Task :app:mergeLibDexDebug UP-TO-DATE
> Task :react-native-worklets:buildCMakeDebug[arm64-v8a][worklets]
> Task :react-native-worklets:configureCMakeDebug[armeabi-v7a]
> Task :react-native-worklets:buildCMakeDebug[armeabi-v7a][worklets]
> Task :react-native-worklets:externalNativeBuildDebug
> Task :react-native-worklets:generateJsonModelDebug
> Task :react-native-worklets:prefabDebugConfigurePackage
> Task :react-native-reanimated:configureCMakeDebug[arm64-v8a]
> Task :react-native-reanimated:configureCMakeDebug[armeabi-v7a]
> Task :react-native-reanimated:generateJsonModelDebug
> Task :react-native-reanimated:prefabDebugConfigurePackage UP-TO-DATE
> Task :shopify_react-native-skia:extractAARHeaders
> Task :shopify_react-native-skia:extractJNIFiles
> Task :shopify_react-native-skia:configureCMakeDebug[arm64-v8a]
> Task :shopify_react-native-skia:configureCMakeDebug[armeabi-v7a]
> Task :shopify_react-native-skia:generateJsonModelDebug
> Task :shopify_react-native-skia:prefabDebugConfigurePackage UP-TO-DATE
> Task :app:configureCMakeDebug[arm64-v8a]
> Task :react-native-worklets:prefabDebugPackage UP-TO-DATE
> Task :react-native-reanimated:buildCMakeDebug[arm64-v8a][reanimated]
> Task :react-native-reanimated:buildCMakeDebug[armeabi-v7a][reanimated]
> Task :react-native-worklets:mergeDebugJniLibFolders UP-TO-DATE
> Task :react-native-worklets:mergeDebugNativeLibs UP-TO-DATE
> Task :react-native-worklets:copyDebugJniLibsProjectOnly UP-TO-DATE
> Task :react-native-reanimated:externalNativeBuildDebug
> Task :react-native-reanimated:prefabDebugPackage UP-TO-DATE
> Task :shopify_react-native-skia:buildCMakeDebug[arm64-v8a]
> Task :shopify_react-native-skia:buildCMakeDebug[armeabi-v7a]
> Task :shopify_react-native-skia:externalNativeBuildDebug
> Task :shopify_react-native-skia:prefabDebugPackage UP-TO-DATE
> Task :app:buildCMakeDebug[arm64-v8a]
> Task :app:configureCMakeDebug[armeabi-v7a]
> Task :app:buildCMakeDebug[armeabi-v7a]
> Task :app:mergeDebugJniLibFolders UP-TO-DATE
> Task :notifee_react-native:mergeDebugJniLibFolders UP-TO-DATE
> Task :notifee_react-native:mergeDebugNativeLibs NO-SOURCE
> Task :notifee_react-native:copyDebugJniLibsProjectOnly UP-TO-DATE
> Task :react-native-community_blur:mergeDebugJniLibFolders UP-TO-DATE
> Task :react-native-community_blur:mergeDebugNativeLibs NO-SOURCE
> Task :react-native-community_blur:copyDebugJniLibsProjectOnly UP-TO-DATE
> Task :react-native-community_slider:mergeDebugJniLibFolders UP-TO-DATE
> Task :react-native-community_slider:mergeDebugNativeLibs NO-SOURCE
> Task :react-native-community_slider:copyDebugJniLibsProjectOnly UP-TO-DATE
> Task :react-native-gesture-handler:configureCMakeDebug[arm64-v8a]
> Task :react-native-gesture-handler:buildCMakeDebug[arm64-v8a]
> Task :react-native-gesture-handler:configureCMakeDebug[armeabi-v7a]
> Task :react-native-gesture-handler:buildCMakeDebug[armeabi-v7a]
> Task :react-native-gesture-handler:mergeDebugJniLibFolders UP-TO-DATE
> Task :react-native-gesture-handler:mergeDebugNativeLibs UP-TO-DATE
> Task :react-native-gesture-handler:copyDebugJniLibsProjectOnly UP-TO-DATE
> Task :react-native-haptic-feedback:mergeDebugJniLibFolders UP-TO-DATE
> Task :react-native-haptic-feedback:mergeDebugNativeLibs NO-SOURCE
> Task :react-native-haptic-feedback:copyDebugJniLibsProjectOnly UP-TO-DATE
> Task :react-native-mmkv:mergeDebugJniLibFolders UP-TO-DATE
> Task :react-native-mmkv:mergeDebugNativeLibs NO-SOURCE
> Task :react-native-mmkv:copyDebugJniLibsProjectOnly UP-TO-DATE
> Task :react-native-quick-sqlite:configureCMakeDebug[arm64-v8a]
> Task :react-native-quick-sqlite:buildCMakeDebug[arm64-v8a]
> Task :react-native-quick-sqlite:configureCMakeDebug[armeabi-v7a]
> Task :react-native-quick-sqlite:buildCMakeDebug[armeabi-v7a]
> Task :react-native-quick-sqlite:mergeDebugJniLibFolders UP-TO-DATE
> Task :react-native-quick-sqlite:mergeDebugNativeLibs UP-TO-DATE
> Task :react-native-quick-sqlite:copyDebugJniLibsProjectOnly UP-TO-DATE
> Task :react-native-reanimated:mergeDebugJniLibFolders UP-TO-DATE
> Task :react-native-reanimated:mergeDebugNativeLibs UP-TO-DATE
> Task :react-native-reanimated:copyDebugJniLibsProjectOnly UP-TO-DATE
> Task :react-native-safe-area-context:mergeDebugJniLibFolders UP-TO-DATE
> Task :react-native-safe-area-context:mergeDebugNativeLibs NO-SOURCE
> Task :react-native-safe-area-context:copyDebugJniLibsProjectOnly UP-TO-DATE
> Task :react-native-screens:configureCMakeDebug[arm64-v8a]
> Task :react-native-screens:buildCMakeDebug[arm64-v8a]
> Task :react-native-screens:configureCMakeDebug[armeabi-v7a]
> Task :react-native-screens:buildCMakeDebug[armeabi-v7a]
> Task :react-native-screens:mergeDebugJniLibFolders UP-TO-DATE
> Task :react-native-screens:mergeDebugNativeLibs UP-TO-DATE
> Task :react-native-screens:copyDebugJniLibsProjectOnly UP-TO-DATE
> Task :react-native-svg:mergeDebugJniLibFolders UP-TO-DATE
> Task :react-native-svg:mergeDebugNativeLibs NO-SOURCE
> Task :react-native-svg:copyDebugJniLibsProjectOnly UP-TO-DATE
> Task :shopify_react-native-skia:mergeDebugJniLibFolders UP-TO-DATE
> Task :shopify_react-native-skia:mergeDebugNativeLibs UP-TO-DATE
> Task :shopify_react-native-skia:copyDebugJniLibsProjectOnly UP-TO-DATE
> Task :app:mergeDebugNativeLibs UP-TO-DATE
> Task :app:stripDebugDebugSymbols UP-TO-DATE
> Task :app:validateSigningDebug UP-TO-DATE
> Task :app:writeDebugAppMetadata UP-TO-DATE
> Task :app:writeDebugSigningConfigVersions UP-TO-DATE
> Task :app:packageDebug UP-TO-DATE
> Task :app:createDebugApkListingFileRedirect UP-TO-DATE

> Task :app:installDebug
Skipping device 'emulator-5562' (emulator-5562): Device is OFFLINE.
Installing APK 'app-debug.apk' on 'Pixel_9_Pro_XL(AVD) - 16' for :app:debug

> Task :app:installDebug FAILED

[Incubating] Problems report is available at: file:///C:/Users/valen/Downloads/kpkn-fit-(beta-test)/apps/mobile/android/build/reports/problems/problems-report.html

Deprecated Gradle features were used in this build, making it incompatible with Gradle 10.

You can use '--warning-mode all' to show the individual deprecation warnings and determine if they come from your own scripts or plugins.

For more on this, please refer to https://docs.gradle.org/9.0.0/userguide/command_line_interface.html#sec:command_line_warnings in the Gradle documentation.
379 actionable tasks: 38 executed, 341 up-to-date
[0m[0m
[36m[1minfo[22m[39m [0m[2m[2m­ƒÆí Tip: Make sure that you have set up your development environment correctly, by running[22m[2m [0m[1mnpx react-native doctor[22m[2m[0m. [2mTo read more about doctor command visit: https://github.com/react-native-community/cli/blob/main/packages/cli-doctor/README.md#doctor 
[22m[2m[22m[0m
[0mUnable to install C:\Users\valen\Downloads\kpkn-fit-(beta-test)\apps\mobile\android\app\build\outputs\apk\debug\app-debug.apk
com.android.ddmlib.InstallException: Unknown failure: Exception occurred while executing 'install':
android.os.ParcelableException: java.io.IOException: Requested internal only, but not enough space
at android.util.ExceptionUtils.wrap(ExceptionUtils.java:34)
at com.android.server.pm.PackageInstallerService.createSession(PackageInstallerService.java:671)
at com.android.server.pm.PackageManagerShellCommand.doCreateSession(PackageManagerShellCommand.java:3978)
at com.android.server.pm.PackageManagerShellCommand.doRunInstall(PackageManagerShellCommand.java:1626)
at com.android.server.pm.PackageManagerShellCommand.runInstall(PackageManagerShellCommand.java:1562)
at com.android.server.pm.PackageManagerShellCommand.onCommand(PackageManagerShellCommand.java:246)
at com.android.modules.utils.BasicShellCommandHandler.exec(BasicShellCommandHandler.java:97)
at android.os.ShellCommand.exec(ShellCommand.java:38)
at com.android.server.pm.PackageManagerService$IPackageManagerImpl.onShellCommand(PackageManagerService.java:6684)
at android.os.Binder.shellCommand(Binder.java:1151)
at android.os.Binder.onTransact(Binder.java:953)
at android.content.pm.IPackageManager$Stub.onTransact(IPackageManager.java:4729)
at com.android.server.pm.PackageManagerService$IPackageManagerImpl.onTransact(PackageManagerService.java:6668)
at android.os.Binder.execTransactInternal(Binder.java:1426)
at android.os.Binder.execTransact(Binder.java:1365)
Caused by: java.io.IOException: Requested internal only, but not enough space
at com.android.internal.content.InstallLocationUtils.resolveInstallVolume(InstallLocationUtils.java:242)
at com.android.internal.content.InstallLocationUtils.resolveInstallVolume(InstallLocationUtils.java:153)
at com.android.internal.content.InstallLocationUtils.resolveInstallVolume(InstallLocationUtils.java:168)
at com.android.server.pm.PackageInstallerService.createSessionInternal(PackageInstallerService.java:966)
at com.android.server.pm.PackageInstallerService.createSession(PackageInstallerService.java:668)
... 13 more
	at com.android.ddmlib.IDeviceSharedImpl.installRemotePackage(IDeviceSharedImpl.java:344)
	at com.android.ddmlib.IDeviceSharedImpl.installPackage(IDeviceSharedImpl.java:367)
	at com.android.ddmlib.internal.DeviceImpl.lambda$installPackage$33(DeviceImpl.java:1470)
	at com.android.ddmlib.internal.DeviceImpl.logRun3(DeviceImpl.java:1833)
	at com.android.ddmlib.internal.DeviceImpl.installPackage(DeviceImpl.java:1467)
	at com.android.ddmlib.internal.DeviceImpl.lambda$installPackage$32(DeviceImpl.java:1447)
	at com.android.ddmlib.internal.DeviceImpl.logRun3(DeviceImpl.java:1833)
	at com.android.ddmlib.internal.DeviceImpl.installPackage(DeviceImpl.java:1443)
	at com.android.ddmlib.internal.DeviceImpl.lambda$installPackage$31(DeviceImpl.java:1433)
	at com.android.ddmlib.internal.DeviceImpl.logRun3(DeviceImpl.java:1833)
	at com.android.ddmlib.internal.DeviceImpl.installPackage(DeviceImpl.java:1431)
	at com.android.build.gradle.internal.testing.ConnectedDevice.installPackage(ConnectedDevice.java:129)
	at com.android.build.gradle.internal.tasks.InstallVariantTask.installPackages(InstallVariantTask.java:214)
	at com.android.build.gradle.internal.tasks.InstallVariantTask.install(InstallVariantTask.java:187)
	at com.android.build.gradle.internal.tasks.InstallVariantTask.lambda$doTaskAction$1(InstallVariantTask.java:124)
	at com.android.builder.testing.api.DeviceProvider.use(DeviceProvider.java:55)
	at com.android.build.gradle.internal.tasks.InstallVariantTask.doTaskAction(InstallVariantTask.java:109)
	at com.android.build.gradle.internal.tasks.NonIncrementalTask$taskAction$$inlined$recordTaskAction$1.invoke(BaseTask.kt:60)
	at com.android.build.gradle.internal.tasks.Blocks.recordSpan(Blocks.java:51)
	at com.android.build.gradle.internal.tasks.NonIncrementalTask.taskAction(NonIncrementalTask.kt:78)
	at java.base@17.0.12/jdk.internal.reflect.NativeMethodAccessorImpl.invoke0(Native Method)
	at java.base@17.0.12/jdk.internal.reflect.NativeMethodAccessorImpl.invoke(NativeMethodAccessorImpl.java:77)
	at java.base@17.0.12/jdk.internal.reflect.DelegatingMethodAccessorImpl.invoke(DelegatingMethodAccessorImpl.java:43)
	at java.base@17.0.12/java.lang.reflect.Method.invoke(Method.java:568)
	at org.gradle.internal.reflect.JavaMethod.invoke(JavaMethod.java:125)
	at org.gradle.api.internal.project.taskfactory.StandardTaskAction.doExecute(StandardTaskAction.java:58)
	at org.gradle.api.internal.project.taskfactory.StandardTaskAction.execute(StandardTaskAction.java:51)
	at org.gradle.api.internal.project.taskfactory.StandardTaskAction.execute(StandardTaskAction.java:29)
	at org.gradle.api.internal.tasks.execution.TaskExecution$3.run(TaskExecution.java:252)
	at org.gradle.internal.operations.DefaultBuildOperationRunner$1.execute(DefaultBuildOperationRunner.java:29)
	at org.gradle.internal.operations.DefaultBuildOperationRunner$1.execute(DefaultBuildOperationRunner.java:26)
	at org.gradle.internal.operations.DefaultBuildOperationRunner$2.execute(DefaultBuildOperationRunner.java:66)
	at org.gradle.internal.operations.DefaultBuildOperationRunner$2.execute(DefaultBuildOperationRunner.java:59)
	at org.gradle.internal.operations.DefaultBuildOperationRunner.execute(DefaultBuildOperationRunner.java:166)
	at org.gradle.internal.operations.DefaultBuildOperationRunner.execute(DefaultBuildOperationRunner.java:59)
	at org.gradle.internal.operations.DefaultBuildOperationRunner.run(DefaultBuildOperationRunner.java:47)
	at org.gradle.api.internal.tasks.execution.TaskExecution.executeAction(TaskExecution.java:237)
	at org.gradle.api.internal.tasks.execution.TaskExecution.executeActions(TaskExecution.java:220)
	at org.gradle.api.internal.tasks.execution.TaskExecution.executeWithPreviousOutputFiles(TaskExecution.java:203)
	at org.gradle.api.internal.tasks.execution.TaskExecution.execute(TaskExecution.java:170)
	at org.gradle.internal.execution.steps.ExecuteStep.executeInternal(ExecuteStep.java:105)
	at org.gradle.internal.execution.steps.ExecuteStep.access$000(ExecuteStep.java:44)
	at org.gradle.internal.execution.steps.ExecuteStep$1.call(ExecuteStep.java:59)
	at org.gradle.internal.execution.steps.ExecuteStep$1.call(ExecuteStep.java:56)
	at org.gradle.internal.operations.DefaultBuildOperationRunner$CallableBuildOperationWorker.execute(DefaultBuildOperationRunner.java:209)
	at org.gradle.internal.operations.DefaultBuildOperationRunner$CallableBuildOperationWorker.execute(DefaultBuildOperationRunner.java:204)
	at org.gradle.internal.operations.DefaultBuildOperationRunner$2.execute(DefaultBuildOperationRunner.java:66)
	at org.gradle.internal.operations.DefaultBuildOperationRunner$2.execute(DefaultBuildOperationRunner.java:59)
	at org.gradle.internal.operations.DefaultBuildOperationRunner.execute(DefaultBuildOperationRunner.java:166)
	at org.gradle.internal.operations.DefaultBuildOperationRunner.execute(DefaultBuildOperationRunner.java:59)
	at org.gradle.internal.operations.DefaultBuildOperationRunner.call(DefaultBuildOperationRunner.java:53)
	at org.gradle.internal.execution.steps.ExecuteStep.execute(ExecuteStep.java:56)
	at org.gradle.internal.execution.steps.ExecuteStep.execute(ExecuteStep.java:44)
	at org.gradle.internal.execution.steps.CancelExecutionStep.execute(CancelExecutionStep.java:42)
	at org.gradle.internal.execution.steps.TimeoutStep.executeWithoutTimeout(TimeoutStep.java:75)
	at org.gradle.internal.execution.steps.TimeoutStep.execute(TimeoutStep.java:55)
	at org.gradle.internal.execution.steps.PreCreateOutputParentsStep.execute(PreCreateOutputParentsStep.java:50)
	at org.gradle.internal.execution.steps.PreCreateOutputParentsStep.execute(PreCreateOutputParentsStep.java:28)
	at org.gradle.internal.execution.steps.RemovePreviousOutputsStep.execute(RemovePreviousOutputsStep.java:68)
	at org.gradle.internal.execution.steps.RemovePreviousOutputsStep.execute(RemovePreviousOutputsStep.java:38)
	at org.gradle.internal.execution.steps.BroadcastChangingOutputsStep.execute(BroadcastChangingOutputsStep.java:61)
	at org.gradle.internal.execution.steps.BroadcastChangingOutputsStep.execute(BroadcastChangingOutputsStep.java:26)
	at org.gradle.internal.execution.steps.CaptureOutputsAfterExecutionStep.execute(CaptureOutputsAfterExecutionStep.java:69)
	at org.gradle.internal.execution.steps.CaptureOutputsAfterExecutionStep.execute(CaptureOutputsAfterExecutionStep.java:46)
	at org.gradle.internal.execution.steps.ResolveInputChangesStep.execute(ResolveInputChangesStep.java:39)
	at org.gradle.internal.execution.steps.ResolveInputChangesStep.execute(ResolveInputChangesStep.java:28)
	at org.gradle.internal.execution.steps.BuildCacheStep.executeWithoutCache(BuildCacheStep.java:189)
	at org.gradle.internal.execution.steps.BuildCacheStep.lambda$execute$1(BuildCacheStep.java:75)
	at org.gradle.internal.Either$Right.fold(Either.java:176)
	at org.gradle.internal.execution.caching.CachingState.fold(CachingState.java:62)
	at org.gradle.internal.execution.steps.BuildCacheStep.execute(BuildCacheStep.java:73)
	at org.gradle.internal.execution.steps.BuildCacheStep.execute(BuildCacheStep.java:48)
	at org.gradle.internal.execution.steps.StoreExecutionStateStep.execute(StoreExecutionStateStep.java:46)
	at org.gradle.internal.execution.steps.StoreExecutionStateStep.execute(StoreExecutionStateStep.java:35)
	at org.gradle.internal.execution.steps.SkipUpToDateStep.executeBecause(SkipUpToDateStep.java:75)
	at org.gradle.internal.execution.steps.SkipUpToDateStep.lambda$execute$2(SkipUpToDateStep.java:53)
	at java.base@17.0.12/java.util.Optional.orElseGet(Optional.java:364)
	at org.gradle.internal.execution.steps.SkipUpToDateStep.execute(SkipUpToDateStep.java:53)
	at org.gradle.internal.execution.steps.SkipUpToDateStep.execute(SkipUpToDateStep.java:35)
	at org.gradle.internal.execution.steps.legacy.MarkSnapshottingInputsFinishedStep.execute(MarkSnapshottingInputsFinishedStep.java:37)
	at org.gradle.internal.execution.steps.legacy.MarkSnapshottingInputsFinishedStep.execute(MarkSnapshottingInputsFinishedStep.java:27)
	at org.gradle.internal.execution.steps.ResolveIncrementalCachingStateStep.executeDelegate(ResolveIncrementalCachingStateStep.java:49)
	at org.gradle.internal.execution.steps.ResolveIncrementalCachingStateStep.executeDelegate(ResolveIncrementalCachingStateStep.java:27)
	at org.gradle.internal.execution.steps.AbstractResolveCachingStateStep.execute(AbstractResolveCachingStateStep.java:71)
	at org.gradle.internal.execution.steps.AbstractResolveCachingStateStep.execute(AbstractResolveCachingStateStep.java:39)
	at org.gradle.internal.execution.steps.ResolveChangesStep.execute(ResolveChangesStep.java:64)
	at org.gradle.internal.execution.steps.ResolveChangesStep.execute(ResolveChangesStep.java:35)
	at org.gradle.internal.execution.steps.ValidateStep.execute(ValidateStep.java:62)
	at org.gradle.internal.execution.steps.ValidateStep.execute(ValidateStep.java:40)
	at org.gradle.internal.execution.steps.AbstractCaptureStateBeforeExecutionStep.execute(AbstractCaptureStateBeforeExecutionStep.java:76)
	at org.gradle.internal.execution.steps.AbstractCaptureStateBeforeExecutionStep.execute(AbstractCaptureStateBeforeExecutionStep.java:45)
	at org.gradle.internal.execution.steps.AbstractSkipEmptyWorkStep.executeWithNonEmptySources(AbstractSkipEmptyWorkStep.java:136)
	at org.gradle.internal.execution.steps.AbstractSkipEmptyWorkStep.execute(AbstractSkipEmptyWorkStep.java:61)
	at org.gradle.internal.execution.steps.AbstractSkipEmptyWorkStep.execute(AbstractSkipEmptyWorkStep.java:38)
	at org.gradle.internal.execution.steps.legacy.MarkSnapshottingInputsStartedStep.execute(MarkSnapshottingInputsStartedStep.java:38)
	at org.gradle.internal.execution.steps.LoadPreviousExecutionStateStep.execute(LoadPreviousExecutionStateStep.java:36)
	at org.gradle.internal.execution.steps.LoadPreviousExecutionStateStep.execute(LoadPreviousExecutionStateStep.java:23)
	at org.gradle.internal.execution.steps.HandleStaleOutputsStep.execute(HandleStaleOutputsStep.java:75)
	at org.gradle.internal.execution.steps.HandleStaleOutputsStep.execute(HandleStaleOutputsStep.java:41)
	at org.gradle.internal.execution.steps.AssignMutableWorkspaceStep.lambda$execute$0(AssignMutableWorkspaceStep.java:35)
	at org.gradle.api.internal.tasks.execution.TaskExecution$4.withWorkspace(TaskExecution.java:297)
	at org.gradle.internal.execution.steps.AssignMutableWorkspaceStep.execute(AssignMutableWorkspaceStep.java:31)
	at org.gradle.internal.execution.steps.AssignMutableWorkspaceStep.execute(AssignMutableWorkspaceStep.java:22)
	at org.gradle.internal.execution.steps.ChoosePipelineStep.execute(ChoosePipelineStep.java:40)
	at org.gradle.internal.execution.steps.ChoosePipelineStep.execute(ChoosePipelineStep.java:23)
	at org.gradle.internal.execution.steps.ExecuteWorkBuildOperationFiringStep.lambda$execute$2(ExecuteWorkBuildOperationFiringStep.java:67)
	at java.base@17.0.12/java.util.Optional.orElseGet(Optional.java:364)
	at org.gradle.internal.execution.steps.ExecuteWorkBuildOperationFiringStep.execute(ExecuteWorkBuildOperationFiringStep.java:67)
	at org.gradle.internal.execution.steps.ExecuteWorkBuildOperationFiringStep.execute(ExecuteWorkBuildOperationFiringStep.java:39)
	at org.gradle.internal.execution.steps.IdentityCacheStep.execute(IdentityCacheStep.java:46)
	at org.gradle.internal.execution.steps.IdentityCacheStep.execute(IdentityCacheStep.java:34)
	at org.gradle.internal.execution.steps.IdentifyStep.execute(IdentifyStep.java:47)
	at org.gradle.internal.execution.steps.IdentifyStep.execute(IdentifyStep.java:34)
	at org.gradle.internal.execution.impl.DefaultExecutionEngine$1.execute(DefaultExecutionEngine.java:64)
	at org.gradle.api.internal.tasks.execution.ExecuteActionsTaskExecuter.executeIfValid(ExecuteActionsTaskExecuter.java:132)
	at org.gradle.api.internal.tasks.execution.ExecuteActionsTaskExecuter.execute(ExecuteActionsTaskExecuter.java:121)
	at org.gradle.api.internal.tasks.execution.ProblemsTaskPathTrackingTaskExecuter.execute(ProblemsTaskPathTrackingTaskExecuter.java:41)
	at org.gradle.api.internal.tasks.execution.FinalizePropertiesTaskExecuter.execute(FinalizePropertiesTaskExecuter.java:46)
	at org.gradle.api.internal.tasks.execution.ResolveTaskExecutionModeExecuter.execute(ResolveTaskExecutionModeExecuter.java:51)
	at org.gradle.api.internal.tasks.execution.SkipTaskWithNoActionsExecuter.execute(SkipTaskWithNoActionsExecuter.java:57)
	at org.gradle.api.internal.tasks.execution.SkipOnlyIfTaskExecuter.execute(SkipOnlyIfTaskExecuter.java:74)
	at org.gradle.api.internal.tasks.execution.CatchExceptionTaskExecuter.execute(CatchExceptionTaskExecuter.java:36)
	at org.gradle.api.internal.tasks.execution.EventFiringTaskExecuter$1.executeTask(EventFiringTaskExecuter.java:77)
	at org.gradle.api.internal.tasks.execution.EventFiringTaskExecuter$1.call(EventFiringTaskExecuter.java:55)
	at org.gradle.api.internal.tasks.execution.EventFiringTaskExecuter$1.call(EventFiringTaskExecuter.java:52)
	at org.gradle.internal.operations.DefaultBuildOperationRunner$CallableBuildOperationWorker.execute(DefaultBuildOperationRunner.java:209)
	at org.gradle.internal.operations.DefaultBuildOperationRunner$CallableBuildOperationWorker.execute(DefaultBuildOperationRunner.java:204)
	at org.gradle.internal.operations.DefaultBuildOperationRunner$2.execute(DefaultBuildOperationRunner.java:66)
	at org.gradle.internal.operations.DefaultBuildOperationRunner$2.execute(DefaultBuildOperationRunner.java:59)
	at org.gradle.internal.operations.DefaultBuildOperationRunner.execute(DefaultBuildOperationRunner.java:166)
	at org.gradle.internal.operations.DefaultBuildOperationRunner.execute(DefaultBuildOperationRunner.java:59)
	at org.gradle.internal.operations.DefaultBuildOperationRunner.call(DefaultBuildOperationRunner.java:53)
	at org.gradle.api.internal.tasks.execution.EventFiringTaskExecuter.execute(EventFiringTaskExecuter.java:52)
	at org.gradle.execution.plan.LocalTaskNodeExecutor.execute(LocalTaskNodeExecutor.java:45)
	at org.gradle.execution.taskgraph.DefaultTaskExecutionGraph$InvokeNodeExecutorsAction.execute(DefaultTaskExecutionGraph.java:347)
	at org.gradle.execution.taskgraph.DefaultTaskExecutionGraph$InvokeNodeExecutorsAction.execute(DefaultTaskExecutionGraph.java:334)
	at org.gradle.execution.taskgraph.DefaultTaskExecutionGraph$BuildOperationAwareExecutionAction.lambda$execute$0(DefaultTaskExecutionGraph.java:330)
	at org.gradle.internal.operations.CurrentBuildOperationRef.with(CurrentBuildOperationRef.java:84)
	at org.gradle.execution.taskgraph.DefaultTaskExecutionGraph$BuildOperationAwareExecutionAction.execute(DefaultTaskExecutionGraph.java:330)
	at org.gradle.execution.taskgraph.DefaultTaskExecutionGraph$BuildOperationAwareExecutionAction.execute(DefaultTaskExecutionGraph.java:319)
	at org.gradle.execution.plan.DefaultPlanExecutor$ExecutorWorker.execute(DefaultPlanExecutor.java:459)
	at org.gradle.execution.plan.DefaultPlanExecutor$ExecutorWorker.run(DefaultPlanExecutor.java:376)
	at org.gradle.internal.concurrent.ExecutorPolicy$CatchAndRecordFailures.onExecute(ExecutorPolicy.java:64)
	at org.gradle.internal.concurrent.AbstractManagedExecutor$1.run(AbstractManagedExecutor.java:47)
	at java.base@17.0.12/java.util.concurrent.ThreadPoolExecutor.runWorker(ThreadPoolExecutor.java:1136)
	at java.base@17.0.12/java.util.concurrent.ThreadPoolExecutor$Worker.run(ThreadPoolExecutor.java:635)
	at java.base@17.0.12/java.lang.Thread.run(Thread.java:842)

FAILURE: Build failed with an exception.

* What went wrong:
Execution failed for task ':app:installDebug'.
> java.util.concurrent.ExecutionException: com.android.builder.testing.api.DeviceException: com.android.ddmlib.InstallException: Unknown failure: Exception occurred while executing 'install':
  android.os.ParcelableException: java.io.IOException: Requested internal only, but not enough space
  at android.util.ExceptionUtils.wrap(ExceptionUtils.java:34)
  at com.android.server.pm.PackageInstallerService.createSession(PackageInstallerService.java:671)
  at com.android.server.pm.PackageManagerShellCommand.doCreateSession(PackageManagerShellCommand.java:3978)
  at com.android.server.pm.PackageManagerShellCommand.doRunInstall(PackageManagerShellCommand.java:1626)
  at com.android.server.pm.PackageManagerShellCommand.runInstall(PackageManagerShellCommand.java:1562)
  at com.android.server.pm.PackageManagerShellCommand.onCommand(PackageManagerShellCommand.java:246)
  at com.android.modules.utils.BasicShellCommandHandler.exec(BasicShellCommandHandler.java:97)
  at android.os.ShellCommand.exec(ShellCommand.java:38)
  at com.android.server.pm.PackageManagerService$IPackageManagerImpl.onShellCommand(PackageManagerService.java:6684)
  at android.os.Binder.shellCommand(Binder.java:1151)
  at android.os.Binder.onTransact(Binder.java:953)
  at android.content.pm.IPackageManager$Stub.onTransact(IPackageManager.java:4729)
  at com.android.server.pm.PackageManagerService$IPackageManagerImpl.onTransact(PackageManagerService.java:6668)
  at android.os.Binder.execTransactInternal(Binder.java:1426)
  at android.os.Binder.execTransact(Binder.java:1365)
  Caused by: java.io.IOException: Requested internal only, but not enough space
  at com.android.internal.content.InstallLocationUtils.resolveInstallVolume(InstallLocationUtils.java:242)
  at com.android.internal.content.InstallLocationUtils.resolveInstallVolume(InstallLocationUtils.java:153)
  at com.android.internal.content.InstallLocationUtils.resolveInstallVolume(InstallLocationUtils.java:168)
  at com.android.server.pm.PackageInstallerService.createSessionInternal(PackageInstallerService.java:966)
  at com.android.server.pm.PackageInstallerService.createSession(PackageInstallerService.java:668)
  ... 13 more

* Try:
> Run with --stacktrace option to get the stack trace.
> Run with --info or --debug option to get more log output.
> Run with --scan to generate a Build Scan (Powered by Develocity).
> Get more help at https://help.gradle.org.

BUILD FAILED in 28s[0m
error Failed to install the app. Command failed with exit code 1: gradlew.bat app:installDebug -PreactNativeDevServerPort=8081
Unable to install C:\Users\valen\Downloads\kpkn-fit-(beta-test)\apps\mobile\android\app\build\outputs\apk\debug\app-debug.apk com.android.ddmlib.InstallException: Unknown failure: Exception occurred while executing 'install':
android.os.ParcelableException: java.io.IOException: Requested internal only, but not enough space
at android.util.ExceptionUtils.wrap(ExceptionUtils.java:34)
at com.android.server.pm.PackageInstallerService.createSession(PackageInstallerService.java:671)
at com.android.server.pm.PackageManagerShellCommand.doCreateSession(PackageManagerShellCommand.java:3978)
at com.android.server.pm.PackageManagerShellCommand.doRunInstall(PackageManagerShellCommand.java:1626)
at com.android.server.pm.PackageManagerShellCommand.runInstall(PackageManagerShellCommand.java:1562)
at com.android.server.pm.PackageManagerShellCommand.onCommand(PackageManagerShellCommand.java:246)
at com.android.modules.utils.BasicShellCommandHandler.exec(BasicShellCommandHandler.java:97)
at android.os.ShellCommand.exec(ShellCommand.java:38)
at com.android.server.pm.PackageManagerService$IPackageManagerImpl.onShellCommand(PackageManagerService.java:6684)
at android.os.Binder.shellCommand(Binder.java:1151)
at android.os.Binder.onTransact(Binder.java:953)
at android.content.pm.IPackageManager$Stub.onTransact(IPackageManager.java:4729)
at com.android.server.pm.PackageManagerService$IPackageManagerImpl.onTransact(PackageManagerService.java:6668)
at android.os.Binder.execTransactInternal(Binder.java:1426)
at android.os.Binder.execTransact(Binder.java:1365)
Caused by: java.io.IOException: Requested internal only, but not enough space
at com.android.internal.content.InstallLocationUtils.resolveInstallVolume(InstallLocationUtils.java:242)
at com.android.internal.content.InstallLocationUtils.resolveInstallVolume(InstallLocationUtils.java:153)
at com.android.internal.content.InstallLocationUtils.resolveInstallVolume(InstallLocationUtils.java:168)
at com.android.server.pm.PackageInstallerService.createSessionInternal(PackageInstallerService.java:966)
at com.android.server.pm.PackageInstallerService.createSession(PackageInstallerService.java:668)
... 13 more at com.android.ddmlib.IDeviceSharedImpl.installRemotePackage(IDeviceSharedImpl.java:344) at com.android.ddmlib.IDeviceSharedImpl.installPackage(IDeviceSharedImpl.java:367) at com.android.ddmlib.internal.DeviceImpl.lambda$installPackage$33(DeviceImpl.java:1470) at com.android.ddmlib.internal.DeviceImpl.logRun3(DeviceImpl.java:1833) at com.android.ddmlib.internal.DeviceImpl.installPackage(DeviceImpl.java:1467) at com.android.ddmlib.internal.DeviceImpl.lambda$installPackage$32(DeviceImpl.java:1447) at com.android.ddmlib.internal.DeviceImpl.logRun3(DeviceImpl.java:1833) at com.android.ddmlib.internal.DeviceImpl.installPackage(DeviceImpl.java:1443) at com.android.ddmlib.internal.DeviceImpl.lambda$installPackage$31(DeviceImpl.java:1433) at com.android.ddmlib.internal.DeviceImpl.logRun3(DeviceImpl.java:1833) at com.android.ddmlib.internal.DeviceImpl.installPackage(DeviceImpl.java:1431) at com.android.build.gradle.internal.testing.ConnectedDevice.installPackage(ConnectedDevice.java:129) at com.android.build.gradle.internal.tasks.InstallVariantTask.installPackages(InstallVariantTask.java:214) at com.android.build.gradle.internal.tasks.InstallVariantTask.install(InstallVariantTask.java:187) at com.android.build.gradle.internal.tasks.InstallVariantTask.lambda$doTaskAction$1(InstallVariantTask.java:124) at com.android.builder.testing.api.DeviceProvider.use(DeviceProvider.java:55) at com.android.build.gradle.internal.tasks.InstallVariantTask.doTaskAction(InstallVariantTask.java:109) at com.android.build.gradle.internal.tasks.NonIncrementalTask$taskAction$$inlined$recordTaskAction$1.invoke(BaseTask.kt:60) at com.android.build.gradle.internal.tasks.Blocks.recordSpan(Blocks.java:51) at com.android.build.gradle.internal.tasks.NonIncrementalTask.taskAction(NonIncrementalTask.kt:78) at java.base@17.0.12/jdk.internal.reflect.NativeMethodAccessorImpl.invoke0(Native Method) at java.base@17.0.12/jdk.internal.reflect.NativeMethodAccessorImpl.invoke(NativeMethodAccessorImpl.java:77) at java.base@17.0.12/jdk.internal.reflect.DelegatingMethodAccessorImpl.invoke(DelegatingMethodAccessorImpl.java:43) at java.base@17.0.12/java.lang.reflect.Method.invoke(Method.java:568) at org.gradle.internal.reflect.JavaMethod.invoke(JavaMethod.java:125) at org.gradle.api.internal.project.taskfactory.StandardTaskAction.doExecute(StandardTaskAction.java:58) at org.gradle.api.internal.project.taskfactory.StandardTaskAction.execute(StandardTaskAction.java:51) at org.gradle.api.internal.project.taskfactory.StandardTaskAction.execute(StandardTaskAction.java:29) at org.gradle.api.internal.tasks.execution.TaskExecution$3.run(TaskExecution.java:252) at org.gradle.internal.operations.DefaultBuildOperationRunner$1.execute(DefaultBuildOperationRunner.java:29) at org.gradle.internal.operations.DefaultBuildOperationRunner$1.execute(DefaultBuildOperationRunner.java:26) at org.gradle.internal.operations.DefaultBuildOperationRunner$2.execute(DefaultBuildOperationRunner.java:66) at org.gradle.internal.operations.DefaultBuildOperationRunner$2.execute(DefaultBuildOperationRunner.java:59) at org.gradle.internal.operations.DefaultBuildOperationRunner.execute(DefaultBuildOperationRunner.java:166) at org.gradle.internal.operations.DefaultBuildOperationRunner.execute(DefaultBuildOperationRunner.java:59) at org.gradle.internal.operations.DefaultBuildOperationRunner.run(DefaultBuildOperationRunner.java:47) at org.gradle.api.internal.tasks.execution.TaskExecution.executeAction(TaskExecution.java:237) at org.gradle.api.internal.tasks.execution.TaskExecution.executeActions(TaskExecution.java:220) at org.gradle.api.internal.tasks.execution.TaskExecution.executeWithPreviousOutputFiles(TaskExecution.java:203) at org.gradle.api.internal.tasks.execution.TaskExecution.execute(TaskExecution.java:170) at org.gradle.internal.execution.steps.ExecuteStep.executeInternal(ExecuteStep.java:105) at org.gradle.internal.execution.steps.ExecuteStep.access$000(ExecuteStep.java:44) at org.gradle.internal.execution.steps.ExecuteStep$1.call(ExecuteStep.java:59) at org.gradle.internal.execution.steps.ExecuteStep$1.call(ExecuteStep.java:56) at org.gradle.internal.operations.DefaultBuildOperationRunner$CallableBuildOperationWorker.execute(DefaultBuildOperationRunner.java:209) at org.gradle.internal.operations.DefaultBuildOperationRunner$CallableBuildOperationWorker.execute(DefaultBuildOperationRunner.java:204) at org.gradle.internal.operations.DefaultBuildOperationRunner$2.execute(DefaultBuildOperationRunner.java:66) at org.gradle.internal.operations.DefaultBuildOperationRunner$2.execute(DefaultBuildOperationRunner.java:59) at org.gradle.internal.operations.DefaultBuildOperationRunner.execute(DefaultBuildOperationRunner.java:166) at org.gradle.internal.operations.DefaultBuildOperationRunner.execute(DefaultBuildOperationRunner.java:59) at org.gradle.internal.operations.DefaultBuildOperationRunner.call(DefaultBuildOperationRunner.java:53) at org.gradle.internal.execution.steps.ExecuteStep.execute(ExecuteStep.java:56) at org.gradle.internal.execution.steps.ExecuteStep.execute(ExecuteStep.java:44) at org.gradle.internal.execution.steps.CancelExecutionStep.execute(CancelExecutionStep.java:42) at org.gradle.internal.execution.steps.TimeoutStep.executeWithoutTimeout(TimeoutStep.java:75) at org.gradle.internal.execution.steps.TimeoutStep.execute(TimeoutStep.java:55) at org.gradle.internal.execution.steps.PreCreateOutputParentsStep.execute(PreCreateOutputParentsStep.java:50) at org.gradle.internal.execution.steps.PreCreateOutputParentsStep.execute(PreCreateOutputParentsStep.java:28) at org.gradle.internal.execution.steps.RemovePreviousOutputsStep.execute(RemovePreviousOutputsStep.java:68) at org.gradle.internal.execution.steps.RemovePreviousOutputsStep.execute(RemovePreviousOutputsStep.java:38) at org.gradle.internal.execution.steps.BroadcastChangingOutputsStep.execute(BroadcastChangingOutputsStep.java:61) at org.gradle.internal.execution.steps.BroadcastChangingOutputsStep.execute(BroadcastChangingOutputsStep.java:26) at org.gradle.internal.execution.steps.CaptureOutputsAfterExecutionStep.execute(CaptureOutputsAfterExecutionStep.java:69) at org.gradle.internal.execution.steps.CaptureOutputsAfterExecutionStep.execute(CaptureOutputsAfterExecutionStep.java:46) at org.gradle.internal.execution.steps.ResolveInputChangesStep.execute(ResolveInputChangesStep.java:39) at org.gradle.internal.execution.steps.ResolveInputChangesStep.execute(ResolveInputChangesStep.java:28) at org.gradle.internal.execution.steps.BuildCacheStep.executeWithoutCache(BuildCacheStep.java:189) at org.gradle.internal.execution.steps.BuildCacheStep.lambda$execute$1(BuildCacheStep.java:75) at org.gradle.internal.Either$Right.fold(Either.java:176) at org.gradle.internal.execution.caching.CachingState.fold(CachingState.java:62) at org.gradle.internal.execution.steps.BuildCacheStep.execute(BuildCacheStep.java:73) at org.gradle.internal.execution.steps.BuildCacheStep.execute(BuildCacheStep.java:48) at org.gradle.internal.execution.steps.StoreExecutionStateStep.execute(StoreExecutionStateStep.java:46) at org.gradle.internal.execution.steps.StoreExecutionStateStep.execute(StoreExecutionStateStep.java:35) at org.gradle.internal.execution.steps.SkipUpToDateStep.executeBecause(SkipUpToDateStep.java:75) at org.gradle.internal.execution.steps.SkipUpToDateStep.lambda$execute$2(SkipUpToDateStep.java:53) at java.base@17.0.12/java.util.Optional.orElseGet(Optional.java:364) at org.gradle.internal.execution.steps.SkipUpToDateStep.execute(SkipUpToDateStep.java:53) at org.gradle.internal.execution.steps.SkipUpToDateStep.execute(SkipUpToDateStep.java:35) at org.gradle.internal.execution.steps.legacy.MarkSnapshottingInputsFinishedStep.execute(MarkSnapshottingInputsFinishedStep.java:37) at org.gradle.internal.execution.steps.legacy.MarkSnapshottingInputsFinishedStep.execute(MarkSnapshottingInputsFinishedStep.java:27) at org.gradle.internal.execution.steps.ResolveIncrementalCachingStateStep.executeDelegate(ResolveIncrementalCachingStateStep.java:49) at org.gradle.internal.execution.steps.ResolveIncrementalCachingStateStep.executeDelegate(ResolveIncrementalCachingStateStep.java:27) at org.gradle.internal.execution.steps.AbstractResolveCachingStateStep.execute(AbstractResolveCachingStateStep.java:71) at org.gradle.internal.execution.steps.AbstractResolveCachingStateStep.execute(AbstractResolveCachingStateStep.java:39) at org.gradle.internal.execution.steps.ResolveChangesStep.execute(ResolveChangesStep.java:64) at org.gradle.internal.execution.steps.ResolveChangesStep.execute(ResolveChangesStep.java:35) at org.gradle.internal.execution.steps.ValidateStep.execute(ValidateStep.java:62) at org.gradle.internal.execution.steps.ValidateStep.execute(ValidateStep.java:40) at org.gradle.internal.execution.steps.AbstractCaptureStateBeforeExecutionStep.execute(AbstractCaptureStateBeforeExecutionStep.java:76) at org.gradle.internal.execution.steps.AbstractCaptureStateBeforeExecutionStep.execute(AbstractCaptureStateBeforeExecutionStep.java:45) at org.gradle.internal.execution.steps.AbstractSkipEmptyWorkStep.executeWithNonEmptySources(AbstractSkipEmptyWorkStep.java:136) at org.gradle.internal.execution.steps.AbstractSkipEmptyWorkStep.execute(AbstractSkipEmptyWorkStep.java:61) at org.gradle.internal.execution.steps.AbstractSkipEmptyWorkStep.execute(AbstractSkipEmptyWorkStep.java:38) at org.gradle.internal.execution.steps.legacy.MarkSnapshottingInputsStartedStep.execute(MarkSnapshottingInputsStartedStep.java:38) at org.gradle.internal.execution.steps.LoadPreviousExecutionStateStep.execute(LoadPreviousExecutionStateStep.java:36) at org.gradle.internal.execution.steps.LoadPreviousExecutionStateStep.execute(LoadPreviousExecutionStateStep.java:23) at org.gradle.internal.execution.steps.HandleStaleOutputsStep.execute(HandleStaleOutputsStep.java:75) at org.gradle.internal.execution.steps.HandleStaleOutputsStep.execute(HandleStaleOutputsStep.java:41) at org.gradle.internal.execution.steps.AssignMutableWorkspaceStep.lambda$execute$0(AssignMutableWorkspaceStep.java:35) at org.gradle.api.internal.tasks.execution.TaskExecution$4.withWorkspace(TaskExecution.java:297) at org.gradle.internal.execution.steps.AssignMutableWorkspaceStep.execute(AssignMutableWorkspaceStep.java:31) at org.gradle.internal.execution.steps.AssignMutableWorkspaceStep.execute(AssignMutableWorkspaceStep.java:22) at org.gradle.internal.execution.steps.ChoosePipelineStep.execute(ChoosePipelineStep.java:40) at org.gradle.internal.execution.steps.ChoosePipelineStep.execute(ChoosePipelineStep.java:23) at org.gradle.internal.execution.steps.ExecuteWorkBuildOperationFiringStep.lambda$execute$2(ExecuteWorkBuildOperationFiringStep.java:67) at java.base@17.0.12/java.util.Optional.orElseGet(Optional.java:364) at org.gradle.internal.execution.steps.ExecuteWorkBuildOperationFiringStep.execute(ExecuteWorkBuildOperationFiringStep.java:67) at org.gradle.internal.execution.steps.ExecuteWorkBuildOperationFiringStep.execute(ExecuteWorkBuildOperationFiringStep.java:39) at org.gradle.internal.execution.steps.IdentityCacheStep.execute(IdentityCacheStep.java:46) at org.gradle.internal.execution.steps.IdentityCacheStep.execute(IdentityCacheStep.java:34) at org.gradle.internal.execution.steps.IdentifyStep.execute(IdentifyStep.java:47) at org.gradle.internal.execution.steps.IdentifyStep.execute(IdentifyStep.java:34) at org.gradle.internal.execution.impl.DefaultExecutionEngine$1.execute(DefaultExecutionEngine.java:64) at org.gradle.api.internal.tasks.execution.ExecuteActionsTaskExecuter.executeIfValid(ExecuteActionsTaskExecuter.java:132) at org.gradle.api.internal.tasks.execution.ExecuteActionsTaskExecuter.execute(ExecuteActionsTaskExecuter.java:121) at org.gradle.api.internal.tasks.execution.ProblemsTaskPathTrackingTaskExecuter.execute(ProblemsTaskPathTrackingTaskExecuter.java:41) at org.gradle.api.internal.tasks.execution.FinalizePropertiesTaskExecuter.execute(FinalizePropertiesTaskExecuter.java:46) at org.gradle.api.internal.tasks.execution.ResolveTaskExecutionModeExecuter.execute(ResolveTaskExecutionModeExecuter.java:51) at org.gradle.api.internal.tasks.execution.SkipTaskWithNoActionsExecuter.execute(SkipTaskWithNoActionsExecuter.java:57) at org.gradle.api.internal.tasks.execution.SkipOnlyIfTaskExecuter.execute(SkipOnlyIfTaskExecuter.java:74) at org.gradle.api.internal.tasks.execution.CatchExceptionTaskExecuter.execute(CatchExceptionTaskExecuter.java:36) at org.gradle.api.internal.tasks.execution.EventFiringTaskExecuter$1.executeTask(EventFiringTaskExecuter.java:77) at org.gradle.api.internal.tasks.execution.EventFiringTaskExecuter$1.call(EventFiringTaskExecuter.java:55) at org.gradle.api.internal.tasks.execution.EventFiringTaskExecuter$1.call(EventFiringTaskExecuter.java:52) at org.gradle.internal.operations.DefaultBuildOperationRunner$CallableBuildOperationWorker.execute(DefaultBuildOperationRunner.java:209) at org.gradle.internal.operations.DefaultBuildOperationRunner$CallableBuildOperationWorker.execute(DefaultBuildOperationRunner.java:204) at org.gradle.internal.operations.DefaultBuildOperationRunner$2.execute(DefaultBuildOperationRunner.java:66) at org.gradle.internal.operations.DefaultBuildOperationRunner$2.execute(DefaultBuildOperationRunner.java:59) at org.gradle.internal.operations.DefaultBuildOperationRunner.execute(DefaultBuildOperationRunner.java:166) at org.gradle.internal.operations.DefaultBuildOperationRunner.execute(DefaultBuildOperationRunner.java:59) at org.gradle.internal.operations.DefaultBuildOperationRunner.call(DefaultBuildOperationRunner.java:53) at org.gradle.api.internal.tasks.execution.EventFiringTaskExecuter.execute(EventFiringTaskExecuter.java:52) at org.gradle.execution.plan.LocalTaskNodeExecutor.execute(LocalTaskNodeExecutor.java:45) at org.gradle.execution.taskgraph.DefaultTaskExecutionGraph$InvokeNodeExecutorsAction.execute(DefaultTaskExecutionGraph.java:347) at org.gradle.execution.taskgraph.DefaultTaskExecutionGraph$InvokeNodeExecutorsAction.execute(DefaultTaskExecutionGraph.java:334) at org.gradle.execution.taskgraph.DefaultTaskExecutionGraph$BuildOperationAwareExecutionAction.lambda$execute$0(DefaultTaskExecutionGraph.java:330) at org.gradle.internal.operations.CurrentBuildOperationRef.with(CurrentBuildOperationRef.java:84) at org.gradle.execution.taskgraph.DefaultTaskExecutionGraph$BuildOperationAwareExecutionAction.execute(DefaultTaskExecutionGraph.java:330) at org.gradle.execution.taskgraph.DefaultTaskExecutionGraph$BuildOperationAwareExecutionAction.execute(DefaultTaskExecutionGraph.java:319) at org.gradle.execution.plan.DefaultPlanExecutor$ExecutorWorker.execute(DefaultPlanExecutor.java:459) at org.gradle.execution.plan.DefaultPlanExecutor$ExecutorWorker.run(DefaultPlanExecutor.java:376) at org.gradle.internal.concurrent.ExecutorPolicy$CatchAndRecordFailures.onExecute(ExecutorPolicy.java:64) at org.gradle.internal.concurrent.AbstractManagedExecutor$1.run(AbstractManagedExecutor.java:47) at java.base@17.0.12/java.util.concurrent.ThreadPoolExecutor.runWorker(ThreadPoolExecutor.java:1136) at java.base@17.0.12/java.util.concurrent.ThreadPoolExecutor$Worker.run(ThreadPoolExecutor.java:635) at java.base@17.0.12/java.lang.Thread.run(Thread.java:842) FAILURE: Build failed with an exception. * What went wrong: Execution failed for task ':app:installDebug'. > java.util.concurrent.ExecutionException: com.android.builder.testing.api.DeviceException: com.android.ddmlib.InstallException: Unknown failure: Exception occurred while executing 'install': android.os.ParcelableException: java.io.IOException: Requested internal only, but not enough space at android.util.ExceptionUtils.wrap(ExceptionUtils.java:34) at com.android.server.pm.PackageInstallerService.createSession(PackageInstallerService.java:671) at com.android.server.pm.PackageManagerShellCommand.doCreateSession(PackageManagerShellCommand.java:3978) at com.android.server.pm.PackageManagerShellCommand.doRunInstall(PackageManagerShellCommand.java:1626) at com.android.server.pm.PackageManagerShellCommand.runInstall(PackageManagerShellCommand.java:1562) at com.android.server.pm.PackageManagerShellCommand.onCommand(PackageManagerShellCommand.java:246) at com.android.modules.utils.BasicShellCommandHandler.exec(BasicShellCommandHandler.java:97) at android.os.ShellCommand.exec(ShellCommand.java:38) at com.android.server.pm.PackageManagerService$IPackageManagerImpl.onShellCommand(PackageManagerService.java:6684) at android.os.Binder.shellCommand(Binder.java:1151) at android.os.Binder.onTransact(Binder.java:953) at android.content.pm.IPackageManager$Stub.onTransact(IPackageManager.java:4729) at com.android.server.pm.PackageManagerService$IPackageManagerImpl.onTransact(PackageManagerService.java:6668) at android.os.Binder.execTransactInternal(Binder.java:1426) at android.os.Binder.execTransact(Binder.java:1365) Caused by: java.io.IOException: Requested internal only, but not enough space at com.android.internal.content.InstallLocationUtils.resolveInstallVolume(InstallLocationUtils.java:242) at com.android.internal.content.InstallLocationUtils.resolveInstallVolume(InstallLocationUtils.java:153) at com.android.internal.content.InstallLocationUtils.resolveInstallVolume(InstallLocationUtils.java:168) at com.android.server.pm.PackageInstallerService.createSessionInternal(PackageInstallerService.java:966) at com.android.server.pm.PackageInstallerService.createSession(PackageInstallerService.java:668) ... 13 more * Try: > Run with --stacktrace option to get the stack trace. > Run with --info or --debug option to get more log output. > Run with --scan to generate a Build Scan (Powered by Develocity). > Get more help at https://help.gradle.org. BUILD FAILED in 28s.
[36m[1minfo[22m[39m [0m[2mRun CLI with [0m--verbose[0m [2mflag for more details.[22m[2m[22m[0m
npm error Lifecycle script `android` failed with error:
npm error code 1
npm error path C:\Users\valen\Downloads\kpkn-fit-(beta-test)\apps\mobile
npm error workspace @kpkn/mobile@0.0.1
npm error location C:\Users\valen\Downloads\kpkn-fit-(beta-test)\apps\mobile
npm error command failed
npm error command C:\WINDOWS\system32\cmd.exe /d /s /c react-native run-android --no-packager --port 8081
