INFO         | Android emulator version 36.5.11.0 (build_id 15261927) (CL:N/A)
INFO         | Graphics backend: gfxstream
INFO         | Found systemPath C:\Users\valen\AppData\Local\Android\Sdk\system-images\android-36\google_apis_playstore\x86_64\
WARNING      | Please update the emulator to one that supports the feature(s): VulkanVirtualQueue
INFO         | IPv4 server found: 192.168.100.1
INFO         | Ignore IPv6 address: e0cb:c599:a02:0:e0cb:c599:a02:0
INFO         | Ignore IPv6 address: e0cb:c599:a02:0:e0cb:c599:a02:0
INFO         | Ignore IPv6 address: e0cb:c599:a02:0:e0cb:c599:a02:0
INFO         | Ignore IPv6 address: f8d1:c599:a02:0:e0cb:c599:a02:0
INFO         | Ignore IPv6 address: f8d1:c599:a02:0:e0cb:c599:a02:0
INFO         | Ignore IPv6 address: f8d1:c599:a02:0:e0cb:c599:a02:0
INFO         | Ignore IPv6 address: 18d8:c599:a02:0:e0cb:c599:a02:0
INFO         | Ignore IPv6 address: 18d8:c599:a02:0:e0cb:c599:a02:0
INFO         | Ignore IPv6 address: 10e3:c599:a02:0:e0cb:c599:a02:0
INFO         | Ignore IPv6 address: 10e3:c599:a02:0:e0cb:c599:a02:0
INFO         | Ignore IPv6 address: 10e3:c599:a02:0:e0cb:c599:a02:0
INFO         | Ignore IPv6 address: 28e9:c599:a02:0:e0cb:c599:a02:0
INFO         | Ignore IPv6 address: 28e9:c599:a02:0:e0cb:c599:a02:0
INFO         | Ignore IPv6 address: 28e9:c599:a02:0:e0cb:c599:a02:0
INFO         | Ignore IPv6 address: 18ef:c599:a02:0:e0cb:c599:a02:0
INFO         | Ignore IPv6 address: 18ef:c599:a02:0:e0cb:c599:a02:0
INFO         | Ignore IPv6 address: 18ef:c599:a02:0:e0cb:c599:a02:0
INFO         | Guest GLES Driver: Auto (ext controls)
INFO         | emuglConfig_init: vulkan_mode_selected:swiftshader gles_mode_selected:swiftshader
INFO         | Checking system compatibility:
INFO         |   Checking: hasCompatibleHypervisor
INFO         |      Ok: Hypervisor compatibility to run avd: `Medium_Phone_API_36.0` are met
INFO         |   Checking: hasSufficientSystem
INFO         |      Ok: System requirements to run avd: `Medium_Phone_API_36.0` are met
INFO         |   Checking: hasSufficientHwGpu
INFO         |      Ok: Hardware GPU compatibility checks are not required
INFO         |   Checking: hasSufficientDiskSpace
INFO         |      Ok: Disk space requirements to run avd: `Medium_Phone_API_36.0` are met
WARNING      | Emulator does not support more than 6 cores. Number of cores set to 6
INFO         | Warning: "Unable to open monitor interface to \\\\.\\DISPLAY1:" "La operación se completó correctamente." (:0, )
INFO         | Critical: Failed to load opengl32sw (No se puede encontrar el módulo especificado.) (:0, )
INFO         | Warning: Software OpenGL failed. Falling back to system OpenGL. (:0, )
INFO         | Storing crashdata in: C:\Users\valen\AppData\Local\Temp\\AndroidEmulator\emu-crash-36.5.11.db, detection is enabled for process: 22276
INFO         | Showing crashdialog to get consent.
  module_list[0].crashpad_annotations["ERRLOG"] (type = 1) = bad color buffer handle 918
bad color buffer handle 949
bad color buffer handle 1929
bad color buffer handle 1998
bad color buffer handle 2010
Failed to create EGL fence sync: 12288
Failed to create EGL fence sync: 12288
Failed to create EGL fence sync: 12288
Failed to create EGL fence sync: 12288
Failed to create EGL fence sync: 12288
Failed to create EGL fence sync: 12288
Failed to create EGL fence sync: 12288
detected a hanging thread 'QEMU2 main loop'. No response for 15027 ms
detected a hanging thread 'QEMU2 CPU0 thread'. No response for 15028 ms
detected a hanging thread 'QEMU2 CPU1 thread'. No response for 15028 ms
detected a hanging thread 'QEMU2 CPU2 thread'. No response for 15029 ms
detected a hanging thread 'QEMU2 CPU3 thread'. No response for 15029 ms
detected a hanging thread 'QEMU2 main loop'. No response for 15009 ms

  module_list[0].crashpad_annotations["sessionId"] (type = 1) = 9bdb08e7-c713-4c28-b62e-4dea85d3e2f9
  module_list[0].crashpad_annotations["ro.build.fingerprint"] (type = 1) = google/sdk_gphone64_x86_64/emu64xa:16/BE2A.250530.026.D1/13818094:user/dev-keys
  module_list[0].crashpad_annotations["free_ram"] (type = 1) = 11166
  module_list[0].crashpad_annotations["cpu_cores"] (type = 1) = 16
  module_list[0].crashpad_annotations["PlayStore.enabled"] (type = 1) = true
  module_list[0].crashpad_annotations["hw.lcd.width"] (type = 1) = 1080